15:51:53 **** Incremental Build of configuration Debug for project lab7_uart ****
make -j9 all 
arm-none-eabi-gcc "../Core/Src/main.c" -mcpu=cortex-m4 -std=gnu11 -g3 -DDEBUG -DUSE_HAL_DRIVER -DSTM32F411xE -c -I../Core/Inc -I../Drivers/STM32F4xx_HAL_Driver/Inc -I../Drivers/STM32F4xx_HAL_Driver/Inc/Legacy -I../Drivers/CMSIS/Device/ST/STM32F4xx/Include -I../Drivers/CMSIS/Include -O0 -ffunction-sections -fdata-sections -Wall -fstack-usage -fcyclomatic-complexity -MMD -MP -MF"Core/Src/main.d" -MT"Core/Src/main.o" --specs=nano.specs -mfpu=fpv4-sp-d16 -mfloat-abi=hard -mthumb -o "Core/Src/main.o"
arm-none-eabi-gcc -o "lab7_uart.elf" @"objects.list"   -mcpu=cortex-m4 -T"/Users/jackson/STM32CubeIDE/workspace_1.15.0/lab7_uart/STM32F411RETX_FLASH.ld" --specs=nosys.specs -Wl,-Map="lab7_uart.map" -Wl,--gc-sections -static --specs=nano.specs -mfpu=fpv4-sp-d16 -mfloat-abi=hard -mthumb -Wl,--start-group -lc -lm -Wl,--end-group
Finished building target: lab7_uart.elf
 
arm-none-eabi-size  lab7_uart.elf 
arm-none-eabi-objdump -h -S lab7_uart.elf  > "lab7_uart.list"
   text	   data	    bss	    dec	    hex	filename
  13840	     44	   1764	  15648	   3d20	lab7_uart.elf
Finished building: default.size.stdout
 
Finished building: lab7_uart.list
 
15:52:02 **** Incremental Build of configuration Debug for project lab7_uart ****
make -j9 all 
arm-none-eabi-size  lab7_uart.elf 
   text	   data	    bss	    dec	    hex	filename
  13840	     44	   1764	  15648	   3d20	lab7_uart.elf
Finished building: default.size.stdout
 
